Traceback (most recent call last):
  File "/home/steffen/anaconda3/envs/rise/lib/python3.10/site-packages/jupyter_cache/executors/utils.py", line 58, in single_nb_execution
    executenb(
  File "/home/steffen/anaconda3/envs/rise/lib/python3.10/site-packages/nbclient/client.py", line 1319, in execute
    return NotebookClient(nb=nb, resources=resources, km=km, **kwargs).execute()
  File "/home/steffen/anaconda3/envs/rise/lib/python3.10/site-packages/jupyter_core/utils/__init__.py", line 165, in wrapped
    return loop.run_until_complete(inner)
  File "/home/steffen/anaconda3/envs/rise/lib/python3.10/asyncio/base_events.py", line 649, in run_until_complete
    return future.result()
  File "/home/steffen/anaconda3/envs/rise/lib/python3.10/site-packages/nbclient/client.py", line 709, in async_execute
    await self.async_execute_cell(
  File "/home/steffen/anaconda3/envs/rise/lib/python3.10/site-packages/nbclient/client.py", line 1062, in async_execute_cell
    await self._check_raise_for_error(cell, cell_index, exec_reply)
  File "/home/steffen/anaconda3/envs/rise/lib/python3.10/site-packages/nbclient/client.py", line 918, in _check_raise_for_error
    raise CellExecutionError.from_cell_and_msg(cell, exec_reply_content)
nbclient.exceptions.CellExecutionError: An error occurred while executing the following cell:
------------------
import numpy as np
eigenvec[0]/np.linalg.norm(eigenvec[0])
------------------


[0;31m---------------------------------------------------------------------------[0m
[0;31mAttributeError[0m                            Traceback (most recent call last)
[0;31mAttributeError[0m: 'Add' object has no attribute 'sqrt'

The above exception was the direct cause of the following exception:

[0;31mTypeError[0m                                 Traceback (most recent call last)
Cell [0;32mIn[6], line 2[0m
[1;32m      1[0m [38;5;28;01mimport[39;00m[38;5;250m [39m[38;5;21;01mnumpy[39;00m[38;5;250m [39m[38;5;28;01mas[39;00m[38;5;250m [39m[38;5;21;01mnp[39;00m
[0;32m----> 2[0m eigenvec[[38;5;241m0[39m][38;5;241m/[39m[43mnp[49m[38;5;241;43m.[39;49m[43mlinalg[49m[38;5;241;43m.[39;49m[43mnorm[49m[43m([49m[43meigenvec[49m[43m[[49m[38;5;241;43m0[39;49m[43m][49m[43m)[49m

File [0;32m~/anaconda3/envs/rise/lib/python3.10/site-packages/numpy/linalg/_linalg.py:2745[0m, in [0;36mnorm[0;34m(x, ord, axis, keepdims)[0m
[1;32m   2743[0m [38;5;28;01melse[39;00m:
[1;32m   2744[0m     sqnorm [38;5;241m=[39m x[38;5;241m.[39mdot(x)
[0;32m-> 2745[0m ret [38;5;241m=[39m [43msqrt[49m[43m([49m[43msqnorm[49m[43m)[49m
[1;32m   2746[0m [38;5;28;01mif[39;00m keepdims:
[1;32m   2747[0m     ret [38;5;241m=[39m ret[38;5;241m.[39mreshape(ndim[38;5;241m*[39m[[38;5;241m1[39m])

[0;31mTypeError[0m: loop of ufunc does not support argument 0 of type Add which has no callable sqrt method

