This is XeTeX, Version 3.141592653-2.6-0.999995 (TeX Live 2023/Debian) (preloaded format=xelatex 2025.3.26)  4 NOV 2025 08:44
entering extended mode
 restricted \write18 enabled.
 file:line:error style messages enabled.
 %&-line parsing enabled.
**/home/steffen/EAH/FEMI_Skript_online/_build/tex/FEMI_Skript.tex
(/home/steffen/EAH/FEMI_Skript_online/_build/tex/FEMI_Skript.tex
LaTeX2e <2023-11-01> patch level 1
L3 programming layer <2024-01-22>
(/usr/share/texlive/texmf-dist/tex/latex/base/book.cls
Document Class: book 2023/05/17 v1.4n Standard LaTeX document class
(/usr/share/texlive/texmf-dist/tex/latex/base/bk11.clo
File: bk11.clo 2023/05/17 v1.4n Standard LaTeX file (size option)
)
\c@part=\count183
\c@chapter=\count184
\c@section=\count185
\c@subsection=\count186
\c@subsubsection=\count187
\c@paragraph=\count188
\c@subparagraph=\count189
\c@figure=\count190
\c@table=\count191
\abovecaptionskip=\skip48
\belowcaptionskip=\skip49
\bibindent=\dimen140
) (/usr/share/texlive/texmf-dist/tex/latex/geometry/geometry.sty
Package: geometry 2020/01/02 v5.9 Page Geometry
 (/usr/share/texlive/texmf-dist/tex/latex/graphics/keyval.sty
Package: keyval 2022/05/29 v1.15 key=value parser (DPC)
\KV@toks@=\toks17
) (/usr/share/texlive/texmf-dist/tex/generic/iftex/ifvtex.sty
Package: ifvtex 2019/10/25 v1.7 ifvtex legacy package. Use iftex instead.
 (/usr/share/texlive/texmf-dist/tex/generic/iftex/iftex.sty
Package: iftex 2022/02/03 v1.0f TeX engine tests
))
\Gm@cnth=\count192
\Gm@cntv=\count193
\c@Gm@tempcnt=\count194
\Gm@bindingoffset=\dimen141
\Gm@wd@mp=\dimen142
\Gm@odd@mp=\dimen143
\Gm@even@mp=\dimen144
\Gm@layoutwidth=\dimen145
\Gm@layoutheight=\dimen146
\Gm@layouthoffset=\dimen147
\Gm@layoutvoffset=\dimen148
\Gm@dimlist=\toks18
) (/usr/share/texlive/texmf-dist/tex/latex/base/fontenc.sty
Package: fontenc 2021/04/29 v2.0v Standard LaTeX package
LaTeX Font Info:    Trying to load font information for T1+lmr on input line 112.
 (/usr/share/texmf/tex/latex/lm/t1lmr.fd
File: t1lmr.fd 2015/05/01 v1.6.1 Font defs for Latin Modern
)) (/usr/share/texlive/texmf-dist/tex/latex/base/inputenc.sty
Package: inputenc 2021/02/14 v1.3d Input encoding file
\inpenc@prehook=\toks19
\inpenc@posthook=\toks20


Package inputenc Warning: inputenc package ignored with utf8 based engines.

) (/usr/share/texmf/tex/latex/lm/lmodern.sty
Package: lmodern 2015/05/01 v1.6.1 Latin Modern Fonts
LaTeX Font Info:    Overwriting symbol font `operators' in version `normal'
(Font)                  OT1/cmr/m/n --> OT1/lmr/m/n on input line 22.
LaTeX Font Info:    Overwriting symbol font `letters' in version `normal'
(Font)                  OML/cmm/m/it --> OML/lmm/m/it on input line 23.
LaTeX Font Info:    Overwriting symbol font `symbols' in version `normal'
(Font)                  OMS/cmsy/m/n --> OMS/lmsy/m/n on input line 24.
LaTeX Font Info:    Overwriting symbol font `largesymbols' in version `normal'
(Font)                  OMX/cmex/m/n --> OMX/lmex/m/n on input line 25.
LaTeX Font Info:    Overwriting symbol font `operators' in version `bold'
(Font)                  OT1/cmr/bx/n --> OT1/lmr/bx/n on input line 26.
LaTeX Font Info:    Overwriting symbol font `letters' in version `bold'
(Font)                  OML/cmm/b/it --> OML/lmm/b/it on input line 27.
LaTeX Font Info:    Overwriting symbol font `symbols' in version `bold'
(Font)                  OMS/cmsy/b/n --> OMS/lmsy/b/n on input line 28.
LaTeX Font Info:    Overwriting symbol font `largesymbols' in version `bold'
(Font)                  OMX/cmex/m/n --> OMX/lmex/m/n on input line 29.
LaTeX Font Info:    Overwriting math alphabet `\mathbf' in version `normal'
(Font)                  OT1/cmr/bx/n --> OT1/lmr/bx/n on input line 31.
LaTeX Font Info:    Overwriting math alphabet `\mathsf' in version `normal'
(Font)                  OT1/cmss/m/n --> OT1/lmss/m/n on input line 32.
LaTeX Font Info:    Overwriting math alphabet `\mathit' in version `normal'
(Font)                  OT1/cmr/m/it --> OT1/lmr/m/it on input line 33.
LaTeX Font Info:    Overwriting math alphabet `\mathtt' in version `normal'
(Font)                  OT1/cmtt/m/n --> OT1/lmtt/m/n on input line 34.
LaTeX Font Info:    Overwriting math alphabet `\mathbf' in version `bold'
(Font)                  OT1/cmr/bx/n --> OT1/lmr/bx/n on input line 35.
LaTeX Font Info:    Overwriting math alphabet `\mathsf' in version `bold'
(Font)                  OT1/cmss/bx/n --> OT1/lmss/bx/n on input line 36.
LaTeX Font Info:    Overwriting math alphabet `\mathit' in version `bold'
(Font)                  OT1/cmr/bx/it --> OT1/lmr/bx/it on input line 37.
LaTeX Font Info:    Overwriting math alphabet `\mathtt' in version `bold'
(Font)                  OT1/cmtt/m/n --> OT1/lmtt/m/n on input line 38.
) (/usr/share/texlive/texmf-dist/tex/latex/graphics/graphicx.sty
Package: graphicx 2021/09/16 v1.2d Enhanced LaTeX Graphics (DPC,SPQR)
 (/usr/share/texlive/texmf-dist/tex/latex/graphics/graphics.sty
Package: graphics 2022/03/10 v1.4e Standard LaTeX Graphics (DPC,SPQR)
 (/usr/share/texlive/texmf-dist/tex/latex/graphics/trig.sty
Package: trig 2021/08/11 v1.11 sin cos tan (DPC)
) (/usr/share/texlive/texmf-dist/tex/latex/graphics-cfg/graphics.cfg
File: graphics.cfg 2016/06/04 v1.11 sample graphics configuration
)
Package graphics Info: Driver file: xetex.def on input line 107.
 (/usr/share/texlive/texmf-dist/tex/latex/graphics-def/xetex.def
File: xetex.def 2022/09/22 v5.0n Graphics/color driver for xetex
))
\Gin@req@height=\dimen149
\Gin@req@width=\dimen150
) (/usr/share/texlive/texmf-dist/tex/latex/caption/caption.sty
Package: caption 2023/08/05 v3.6o Customizing captions (AR)
 (/usr/share/texlive/texmf-dist/tex/latex/caption/caption3.sty
Package: caption3 2023/07/31 v2.4d caption3 kernel (AR)
\caption@tempdima=\dimen151
\captionmargin=\dimen152
\caption@leftmargin=\dimen153
\caption@rightmargin=\dimen154
\caption@width=\dimen155
\caption@indent=\dimen156
\caption@parindent=\dimen157
\caption@hangindent=\dimen158
Package caption Info: Standard document class detected.
)
\c@caption@flags=\count195
\c@continuedfloat=\count196
) (/usr/share/texlive/texmf-dist/tex/latex/natbib/natbib.sty
Package: natbib 2010/09/13 8.31b (PWD, AO)
\bibhang=\skip50
\bibsep=\skip51
LaTeX Info: Redefining \cite on input line 694.
\c@NAT@ctr=\count197
) (/usr/share/texlive/texmf-dist/tex/latex/xcolor/xcolor.sty
Package: xcolor 2023/11/15 v3.01 LaTeX color extensions (UK)
 (/usr/share/texlive/texmf-dist/tex/latex/graphics-cfg/color.cfg
File: color.cfg 2016/01/02 v1.6 sample color configuration
)
Package xcolor Info: Driver file: xetex.def on input line 274.
 (/usr/share/texlive/texmf-dist/tex/latex/graphics/mathcolor.ltx)
Package xcolor Info: Model `cmy' substituted by `cmy0' on input line 1350.
Package xcolor Info: Model `RGB' extended on input line 1366.
Package xcolor Info: Model `HTML' substituted by `rgb' on input line 1368.
Package xcolor Info: Model `Hsb' substituted by `hsb' on input line 1369.
Package xcolor Info: Model `tHsb' substituted by `hsb' on input line 1370.
Package xcolor Info: Model `HSB' substituted by `hsb' on input line 1371.
Package xcolor Info: Model `Gray' substituted by `gray' on input line 1372.
Package xcolor Info: Model `wave' substituted by `hsb' on input line 1373.
) (/usr/share/texlive/texmf-dist/tex/latex/changepage/changepage.sty
Package: changepage 2009/10/20 v1.0c check page and change page layout
\c@cp@cntr=\count198
\cp@tempcnt=\count199
) (/usr/share/texlive/texmf-dist/tex/latex/framed/framed.sty
Package: framed 2011/10/22 v 0.96: framed or shaded text with page breaks
\OuterFrameSep=\skip52
\fb@frw=\dimen159
\fb@frh=\dimen160
\FrameRule=\dimen161
\FrameSep=\dimen162
) (/usr/share/texlive/texmf-dist/tex/latex/hyperref/hyperref.sty
Package: hyperref 2024-01-20 v7.01h Hypertext links for LaTeX
 (/usr/share/texlive/texmf-dist/tex/latex/kvsetkeys/kvsetkeys.sty
Package: kvsetkeys 2022-10-05 v1.19 Key value parser (HO)
) (/usr/share/texlive/texmf-dist/tex/generic/kvdefinekeys/kvdefinekeys.sty
Package: kvdefinekeys 2019-12-19 v1.6 Define keys (HO)
) (/usr/share/texlive/texmf-dist/tex/generic/pdfescape/pdfescape.sty
Package: pdfescape 2019/12/09 v1.15 Implements pdfTeX's escape features (HO)
 (/usr/share/texlive/texmf-dist/tex/generic/ltxcmds/ltxcmds.sty
Package: ltxcmds 2023-12-04 v1.26 LaTeX kernel commands for general use (HO)
) (/usr/share/texlive/texmf-dist/tex/generic/pdftexcmds/pdftexcmds.sty
Package: pdftexcmds 2020-06-27 v0.33 Utility functions of pdfTeX for LuaTeX (HO)
 (/usr/share/texlive/texmf-dist/tex/generic/infwarerr/infwarerr.sty
Package: infwarerr 2019/12/03 v1.5 Providing info/warning/error messages (HO)
)
Package pdftexcmds Info: \pdf@primitive is available.
Package pdftexcmds Info: \pdf@ifprimitive is available.
Package pdftexcmds Info: \pdfdraftmode not found.
)) (/usr/share/texlive/texmf-dist/tex/latex/hycolor/hycolor.sty
Package: hycolor 2020-01-27 v1.10 Color options for hyperref/bookmark (HO)
) (/usr/share/texlive/texmf-dist/tex/latex/auxhook/auxhook.sty
Package: auxhook 2019-12-17 v1.6 Hooks for auxiliary files (HO)
) (/usr/share/texlive/texmf-dist/tex/latex/hyperref/nameref.sty
Package: nameref 2023-11-26 v2.56 Cross-referencing by name of section
 (/usr/share/texlive/texmf-dist/tex/latex/refcount/refcount.sty
Package: refcount 2019/12/15 v3.6 Data extraction from label references (HO)
) (/usr/share/texlive/texmf-dist/tex/generic/gettitlestring/gettitlestring.sty
Package: gettitlestring 2019/12/15 v1.6 Cleanup title references (HO)
 (/usr/share/texlive/texmf-dist/tex/latex/kvoptions/kvoptions.sty
Package: kvoptions 2022-06-15 v3.15 Key value format for package options (HO)
))
\c@section@level=\count266
) (/usr/share/texlive/texmf-dist/tex/latex/etoolbox/etoolbox.sty
Package: etoolbox 2020/10/05 v2.5k e-TeX tools for LaTeX (JAW)
\etb@tempcnta=\count267
)
\@linkdim=\dimen163
\Hy@linkcounter=\count268
\Hy@pagecounter=\count269
 (/usr/share/texlive/texmf-dist/tex/latex/hyperref/pd1enc.def
File: pd1enc.def 2024-01-20 v7.01h Hyperref: PDFDocEncoding definition (HO)
) (/usr/share/texlive/texmf-dist/tex/generic/intcalc/intcalc.sty
Package: intcalc 2019/12/15 v1.3 Expandable calculations with integers (HO)
)
\Hy@SavedSpaceFactor=\count270
 (/usr/share/texlive/texmf-dist/tex/latex/hyperref/puenc.def
File: puenc.def 2024-01-20 v7.01h Hyperref: PDF Unicode definition (HO)
)
Package hyperref Info: Hyper figures OFF on input line 4179.
Package hyperref Info: Link nesting OFF on input line 4184.
Package hyperref Info: Hyper index ON on input line 4187.
Package hyperref Info: Plain pages OFF on input line 4194.
Package hyperref Info: Backreferencing OFF on input line 4199.
Package hyperref Info: Implicit mode ON; LaTeX internals redefined.
Package hyperref Info: Bookmarks ON on input line 4446.
\c@Hy@tempcnt=\count271
 (/usr/share/texlive/texmf-dist/tex/latex/url/url.sty
\Urlmuskip=\muskip16
Package: url 2013/09/16  ver 3.4  Verb mode for urls, etc.
)
LaTeX Info: Redefining \url on input line 4784.
\XeTeXLinkMargin=\dimen164
 (/usr/share/texlive/texmf-dist/tex/generic/bitset/bitset.sty
Package: bitset 2019/12/09 v1.3 Handle bit-vector datatype (HO)
 (/usr/share/texlive/texmf-dist/tex/generic/bigintcalc/bigintcalc.sty
Package: bigintcalc 2019/12/15 v1.5 Expandable calculations on big integers (HO)
))
\Fld@menulength=\count272
\Field@Width=\dimen165
\Fld@charsize=\dimen166
Package hyperref Info: Hyper figures OFF on input line 6063.
Package hyperref Info: Link nesting OFF on input line 6068.
Package hyperref Info: Hyper index ON on input line 6071.
Package hyperref Info: backreferencing OFF on input line 6078.
Package hyperref Info: Link coloring OFF on input line 6083.
Package hyperref Info: Link coloring with OCG OFF on input line 6088.
Package hyperref Info: PDF/A mode OFF on input line 6093.
 (/usr/share/texlive/texmf-dist/tex/latex/base/atbegshi-ltx.sty
Package: atbegshi-ltx 2021/01/10 v1.0c Emulation of the original atbegshi
package with kernel methods
)
\Hy@abspage=\count273
\c@Item=\count274
\c@Hfootnote=\count275
)
Package hyperref Info: Driver (autodetected): hxetex.
 (/usr/share/texlive/texmf-dist/tex/latex/hyperref/hxetex.def
File: hxetex.def 2024-01-20 v7.01h Hyperref driver for XeTeX
 (/usr/share/texlive/texmf-dist/tex/generic/stringenc/stringenc.sty
Package: stringenc 2019/11/29 v1.12 Convert strings between diff. encodings (HO)
)
\pdfm@box=\box51
\c@Hy@AnnotLevel=\count276
\HyField@AnnotCount=\count277
\Fld@listcount=\count278
\c@bookmark@seq@number=\count279
 (/usr/share/texlive/texmf-dist/tex/latex/rerunfilecheck/rerunfilecheck.sty
Package: rerunfilecheck 2022-07-10 v1.10 Rerun checks for auxiliary files (HO)
 (/usr/share/texlive/texmf-dist/tex/latex/base/atveryend-ltx.sty
Package: atveryend-ltx 2020/08/19 v1.0a Emulation of the original atveryend package
with kernel methods
) (/usr/share/texlive/texmf-dist/tex/generic/uniquecounter/uniquecounter.sty
Package: uniquecounter 2019/12/15 v1.4 Provide unlimited unique counter (HO)
)
Package uniquecounter Info: New unique counter `rerunfilecheck' on input line 285.
)
\Hy@SectionHShift=\skip53
) (/usr/share/texlive/texmf-dist/tex/latex/amsfonts/amssymb.sty
Package: amssymb 2013/01/14 v3.01 AMS font symbols
 (/usr/share/texlive/texmf-dist/tex/latex/amsfonts/amsfonts.sty
Package: amsfonts 2013/01/14 v3.01 Basic AMSFonts support
\@emptytoks=\toks21
\symAMSa=\mathgroup4
\symAMSb=\mathgroup5
LaTeX Font Info:    Redeclaring math symbol \hbar on input line 98.
LaTeX Font Info:    Overwriting math alphabet `\mathfrak' in version `bold'
(Font)                  U/euf/m/n --> U/euf/b/n on input line 106.
)) (./symbols.sty) (/usr/share/texlive/texmf-dist/tex/latex/cancel/cancel.sty
Package: cancel 2013/04/12 v2.2 Cancel math terms
) (/usr/share/texlive/texmf-dist/tex/latex/enumitem/enumitem.sty
Package: enumitem 2019/06/20 v3.9 Customized lists
\labelindent=\skip54
\enit@outerparindent=\dimen167
\enit@toks=\toks22
\enit@inbox=\box52
\enit@count@id=\count280
\enitdp@description=\count281
) (/usr/share/texlive/texmf-dist/tex/latex/amsmath/amsmath.sty
Package: amsmath 2023/05/13 v2.17o AMS math features
\@mathmargin=\skip55

For additional information on amsmath, use the `?' option.
(/usr/share/texlive/texmf-dist/tex/latex/amsmath/amstext.sty
Package: amstext 2021/08/26 v2.01 AMS text
 (/usr/share/texlive/texmf-dist/tex/latex/amsmath/amsgen.sty
File: amsgen.sty 1999/11/30 v2.0 generic functions
\@emptytoks=\toks23
\ex@=\dimen168
)) (/usr/share/texlive/texmf-dist/tex/latex/amsmath/amsbsy.sty
Package: amsbsy 1999/11/29 v1.2d Bold Symbols
\pmbraise@=\dimen169
) (/usr/share/texlive/texmf-dist/tex/latex/amsmath/amsopn.sty
Package: amsopn 2022/04/08 v2.04 operator names
)
\inf@bad=\count282
LaTeX Info: Redefining \frac on input line 234.
\uproot@=\count283
\leftroot@=\count284
LaTeX Info: Redefining \overline on input line 399.
LaTeX Info: Redefining \colon on input line 410.
\classnum@=\count285
\DOTSCASE@=\count286
LaTeX Info: Redefining \ldots on input line 496.
LaTeX Info: Redefining \dots on input line 499.
LaTeX Info: Redefining \cdots on input line 620.
\Mathstrutbox@=\box53
\strutbox@=\box54
LaTeX Info: Redefining \big on input line 722.
LaTeX Info: Redefining \Big on input line 723.
LaTeX Info: Redefining \bigg on input line 724.
LaTeX Info: Redefining \Bigg on input line 725.
\big@size=\dimen170
LaTeX Font Info:    Redeclaring font encoding OML on input line 743.
LaTeX Font Info:    Redeclaring font encoding OMS on input line 744.
\macc@depth=\count287
LaTeX Info: Redefining \bmod on input line 905.
LaTeX Info: Redefining \pmod on input line 910.
LaTeX Info: Redefining \smash on input line 940.
LaTeX Info: Redefining \relbar on input line 970.
LaTeX Info: Redefining \Relbar on input line 971.
\c@MaxMatrixCols=\count288
\dotsspace@=\muskip17
\c@parentequation=\count289
\dspbrk@lvl=\count290
\tag@help=\toks24
\row@=\count291
\column@=\count292
\maxfields@=\count293
\andhelp@=\toks25
\eqnshift@=\dimen171
\alignsep@=\dimen172
\tagshift@=\dimen173
\tagwidth@=\dimen174
\totwidth@=\dimen175
\lineht@=\dimen176
\@envbody=\toks26
\multlinegap=\skip56
\multlinetaggap=\skip57
\mathdisplay@stack=\toks27
LaTeX Info: Redefining \[ on input line 2953.
LaTeX Info: Redefining \] on input line 2954.
) (/usr/share/texlive/texmf-dist/tex/latex/booktabs/booktabs.sty
Package: booktabs 2020/01/12 v1.61803398 Publication quality tables
\heavyrulewidth=\dimen177
\lightrulewidth=\dimen178
\cmidrulewidth=\dimen179
\belowrulesep=\dimen180
\belowbottomsep=\dimen181
\aboverulesep=\dimen182
\abovetopsep=\dimen183
\cmidrulesep=\dimen184
\cmidrulekern=\dimen185
\defaultaddspace=\dimen186
\@cmidla=\count294
\@cmidlb=\count295
\@aboverulesep=\dimen187
\@belowrulesep=\dimen188
\@thisruleclass=\count296
\@lastruleclass=\count297
\@thisrulewidth=\dimen189
)
Package hyperref Info: Option `colorlinks' set `true' on input line 37.
 (/usr/share/texlive/texmf-dist/tex/latex/l3backend/l3backend-xetex.def
File: l3backend-xetex.def 2024-01-04 L3 backend support: XeTeX
\g__graphics_track_int=\count298
\l__pdf_internal_box=\box55
\g__pdf_backend_object_int=\count299
\g__pdf_backend_annotation_int=\count300
\g__pdf_backend_link_int=\count301
) (./FEMI_Skript.aux)
\openout1 = `FEMI_Skript.aux'.

LaTeX Font Info:    Checking defaults for OML/cmm/m/it on input line 61.
LaTeX Font Info:    ... okay on input line 61.
LaTeX Font Info:    Checking defaults for OMS/cmsy/m/n on input line 61.
LaTeX Font Info:    ... okay on input line 61.
LaTeX Font Info:    Checking defaults for OT1/cmr/m/n on input line 61.
LaTeX Font Info:    ... okay on input line 61.
LaTeX Font Info:    Checking defaults for T1/cmr/m/n on input line 61.
LaTeX Font Info:    ... okay on input line 61.
LaTeX Font Info:    Checking defaults for TS1/cmr/m/n on input line 61.
LaTeX Font Info:    Trying to load font information for TS1+cmr on input line 61.
 (/usr/share/texlive/texmf-dist/tex/latex/base/ts1cmr.fd
File: ts1cmr.fd 2023/04/13 v2.5m Standard LaTeX font definitions
)
LaTeX Font Info:    ... okay on input line 61.
LaTeX Font Info:    Checking defaults for TU/lmr/m/n on input line 61.
LaTeX Font Info:    ... okay on input line 61.
LaTeX Font Info:    Checking defaults for OMX/cmex/m/n on input line 61.
LaTeX Font Info:    ... okay on input line 61.
LaTeX Font Info:    Checking defaults for U/cmr/m/n on input line 61.
LaTeX Font Info:    ... okay on input line 61.
LaTeX Font Info:    Checking defaults for PD1/pdf/m/n on input line 61.
LaTeX Font Info:    ... okay on input line 61.
LaTeX Font Info:    Checking defaults for PU/pdf/m/n on input line 61.
LaTeX Font Info:    ... okay on input line 61.

*geometry* driver: auto-detecting
*geometry* detected driver: xetex
*geometry* verbose mode - [ preamble ] result:
* driver: xetex
* paper: a4paper
* layout: <same size as paper>
* layoutoffset:(h,v)=(0.0pt,0.0pt)
* modes: 
* h-part:(L,W,R)=(56.9055pt, 483.69687pt, 56.9055pt)
* v-part:(T,H,B)=(56.9055pt, 731.23584pt, 56.9055pt)
* \paperwidth=597.50787pt
* \paperheight=845.04684pt
* \textwidth=483.69687pt
* \textheight=731.23584pt
* \oddsidemargin=-15.36449pt
* \evensidemargin=-15.36449pt
* \topmargin=-47.23828pt
* \headheight=12.0pt
* \headsep=19.8738pt
* \topskip=11.0pt
* \footskip=27.46295pt
* \marginparwidth=53.0pt
* \marginparsep=7.0pt
* \columnsep=10.0pt
* \skip\footins=10.0pt plus 4.0pt minus 2.0pt
* \hoffset=0.0pt
* \voffset=0.0pt
* \mag=1000
* \@twocolumnfalse
* \@twosidefalse
* \@mparswitchfalse
* \@reversemarginfalse
* (1in=72.27pt=25.4mm, 1cm=28.453pt)

Package caption Info: Begin \AtBeginDocument code.
Package caption Info: changepage package is loaded.
\caption@adjustwidth@hsize=\dimen190
\caption@adjustwidth@linewidth=\dimen191
Package caption Info: hyperref package is loaded.
Package caption Info: End \AtBeginDocument code.
Package hyperref Info: Link coloring ON on input line 61.
(./FEMI_Skript.out) (./FEMI_Skript.out)
\@outlinefile=\write3
\openout3 = `FEMI_Skript.out'.

LaTeX Font Info:    Trying to load font information for OT1+lmr on input line 66.
 (/usr/share/texmf/tex/latex/lm/ot1lmr.fd
File: ot1lmr.fd 2015/05/01 v1.6.1 Font defs for Latin Modern
)
LaTeX Font Info:    Trying to load font information for OML+lmm on input line 66.
 (/usr/share/texmf/tex/latex/lm/omllmm.fd
File: omllmm.fd 2015/05/01 v1.6.1 Font defs for Latin Modern
)
LaTeX Font Info:    Trying to load font information for OMS+lmsy on input line 66.
 (/usr/share/texmf/tex/latex/lm/omslmsy.fd
File: omslmsy.fd 2015/05/01 v1.6.1 Font defs for Latin Modern
)
LaTeX Font Info:    Trying to load font information for OMX+lmex on input line 66.
 (/usr/share/texmf/tex/latex/lm/omxlmex.fd
File: omxlmex.fd 2015/05/01 v1.6.1 Font defs for Latin Modern
)
LaTeX Font Info:    External font `lmex10' loaded for size
(Font)              <12> on input line 66.
LaTeX Font Info:    External font `lmex10' loaded for size
(Font)              <8> on input line 66.
LaTeX Font Info:    External font `lmex10' loaded for size
(Font)              <6> on input line 66.
LaTeX Font Info:    Trying to load font information for U+msa on input line 66.
 (/usr/share/texlive/texmf-dist/tex/latex/amsfonts/umsa.fd
File: umsa.fd 2013/01/14 v3.01 AMS symbols A
)
LaTeX Font Info:    Trying to load font information for U+msb on input line 66.
 (/usr/share/texlive/texmf-dist/tex/latex/amsfonts/umsb.fd
File: umsb.fd 2013/01/14 v3.01 AMS symbols B
) [1



] (./FEMI_Skript.toc
LaTeX Font Info:    External font `lmex10' loaded for size
(Font)              <10.95> on input line 2.
)
\tf@toc=\write4
\openout4 = `FEMI_Skript.toc'.

 [1

]
Chapter 1.
(./FEMI_Skript-einf-hrung-konstruktion.tex
File: files/Konstruktionsprozess-354f76ee1694c7cb48ad196b299f0eb9.png Graphic file (type bmp)
<files/Konstruktionsprozess-354f76ee1694c7cb48ad196b299f0eb9.png>
 [1


] [2]
Underfull \hbox (badness 2020) in paragraph at lines 106--107
[]\T1/lmr/m/n/10.95 In der nu-merischen Sim-u-la-tion wird der Zu-s-tand eines Sys-tems durch eine Reihe von
 []


Underfull \hbox (badness 10000) in paragraph at lines 132--133
[]\T1/lmr/m/n/10.95 Systeme, die zu je-dem Zeit-punkt einen
 []


Underfull \hbox (badness 2150) in paragraph at lines 132--133
\T1/lmr/m/n/10.95 definierten Zu-s-tand haben; Än-derun-gen er-
 []


Underfull \hbox (badness 2744) in paragraph at lines 134--135
[]\T1/lmr/m/n/10.95 Systeme, deren Ver-hal-ten durch bes-timmte
 []


Underfull \hbox (badness 1946) in paragraph at lines 135--136
\T1/lmr/m/n/10.95 fangs-be-din-gun-gen und Regeln bes-timmt ist;
 []

File: files/Systemverhalten-eb19fad1d9ad10e9c65047ac7b46ad78.png Graphic file (type bmp)
<files/Systemverhalten-eb19fad1d9ad10e9c65047ac7b46ad78.png>
[3]
File: files/Problemloesung-e104c317db14666b2fd6f513a8ca1a48.png Graphic file (type bmp)
<files/Problemloesung-e104c317db14666b2fd6f513a8ca1a48.png>
 [4]
File: files/Modellbildung-df30eb7519c2d11046de71abe95091b6.png Graphic file (type bmp)
<files/Modellbildung-df30eb7519c2d11046de71abe95091b6.png>

Missing character: There is no „ ("201E) in font ec-lmr10!
Missing character: There is no „ ("201E) in font ec-lmr10!
[5]
Missing character: There is no „ ("201E) in font ec-lmr10!

Underfull \hbox (badness 1205) in paragraph at lines 227--228
[]\T1/lmr/m/n/10.95 Komplexe Maschi-nen-rah-men als Skelettstruk-tur aus Balken oder ein dün-nwandi-ges
 []

[6]) (./FEMI_Skript-einf-hrung-modellklassifikation.tex [7]
Underfull \hbox (badness 2469) in paragraph at lines 14--15
 []\T1/lmr/bx/n/10.95 Diskrete Mod-elle[] \T1/lmr/m/n/10.95 Diskrete Mod-elle der Mechanik basieren auf masse-be-hafteten, star-ren
 []

File: files/MKS_Robot-91e507d20915ae91494307bf1eabf2b9.png Graphic file (type bmp)
<files/MKS_Robot-91e507d20915ae91494307bf1eabf2b9.png>
[8]) (./FEMI_Skript-einf-hrung-loesungsverfahren.tex [9] [10] [11]
File: files/Diskretisierungsverf-3291ac8fb462ef44b4d348533f5b41ac.png Graphic file (type bmp)
<files/Diskretisierungsverf-3291ac8fb462ef44b4d348533f5b41ac.png>

Underfull \hbox (badness 10000) in paragraph at lines 124--124
[]\T1/lmr/m/n/10.95 Diskretisierung
 []


Underfull \hbox (badness 10000) in paragraph at lines 124--124
\T1/lmr/m/n/10.95 und Ma-te-ri-
 []


Underfull \hbox (badness 3884) in paragraph at lines 124--124
\T1/lmr/m/n/10.95 alver-hal-ten; gut
 []


Underfull \hbox (badness 10000) in paragraph at lines 124--124
\T1/lmr/m/n/10.95 für statis-che
 []


Underfull \hbox (badness 6708) in paragraph at lines 124--124
\T1/lmr/m/n/10.95 und dy-namis-che
 []


Underfull \hbox (badness 10000) in paragraph at lines 124--125
[]\T1/lmr/m/n/10.95 Erfordert
 []


Underfull \hbox (badness 10000) in paragraph at lines 124--125
\T1/lmr/m/n/10.95 sorgfältige Net-
 []


Underfull \hbox (badness 10000) in paragraph at lines 124--125
\T1/lmr/m/n/10.95 z-gener-ierung;
 []


Underfull \hbox (badness 10000) in paragraph at lines 124--125
\T1/lmr/m/n/10.95 rechen-in-ten-siv
 []


Underfull \hbox (badness 10000) in paragraph at lines 125--125
[]\T1/lmr/m/n/10.95 Reduktion des
 []


Underfull \hbox (badness 10000) in paragraph at lines 125--125
[]\T1/lmr/m/n/10.95 Reduziert die
 []


Underfull \hbox (badness 10000) in paragraph at lines 125--125
\T1/lmr/m/n/10.95 Di-men-sion des
 []


Underfull \hbox (badness 10000) in paragraph at lines 125--125
\T1/lmr/m/n/10.95 Prob-lems; ef-
 []


Underfull \hbox (badness 10000) in paragraph at lines 125--125
\T1/lmr/m/n/10.95 fizient bei un-
 []


Underfull \hbox (badness 10000) in paragraph at lines 125--125
\T1/lmr/m/n/10.95 endlichen oder
 []


Underfull \hbox (badness 10000) in paragraph at lines 125--125
\T1/lmr/m/n/10.95 hal-bunendlichen
 []


Underfull \hbox (badness 10000) in paragraph at lines 125--126
[]\T1/lmr/m/n/10.95 Beschränkt auf
 []


Underfull \hbox (badness 10000) in paragraph at lines 125--126
\T1/lmr/m/n/10.95 Prob-leme mit
 []


Underfull \hbox (badness 10000) in paragraph at lines 125--126
\T1/lmr/m/n/10.95 gut definierten
 []


Underfull \hbox (badness 10000) in paragraph at lines 125--126
\T1/lmr/m/n/10.95 Randbe-din-gun-
 []


Underfull \hbox (badness 10000) in paragraph at lines 125--126
\T1/lmr/m/n/10.95 lin-eare PDEs
 []


Underfull \hbox (badness 10000) in paragraph at lines 126--126
[]\T1/lmr/m/n/10.95 Diskretisierung
 []


Underfull \hbox (badness 10000) in paragraph at lines 126--126
\T1/lmr/m/n/10.95 des Ge-bi-ets in
 []


Underfull \hbox (badness 6428) in paragraph at lines 126--126
[]\T1/lmr/m/n/10.95 Einfach zu im-
 []


Underfull \hbox (badness 10000) in paragraph at lines 126--126
\T1/lmr/m/n/10.95 für regelmä$\OML/lmm/m/it/10.95 ^^L$\T1/lmr/m/n/10.95 ige
 []


Underfull \hbox (badness 10000) in paragraph at lines 126--127
[]\T1/lmr/m/n/10.95 Schwierigkeiten
 []


Underfull \hbox (badness 10000) in paragraph at lines 126--127
\T1/lmr/m/n/10.95 bei kom-plexen
 []


Underfull \hbox (badness 10000) in paragraph at lines 126--127
\T1/lmr/m/n/10.95 Ge-ome-trien;
 []


Underfull \hbox (badness 10000) in paragraph at lines 126--127
\T1/lmr/m/n/10.95 weniger genau
 []


Underfull \hbox (badness 10000) in paragraph at lines 127--127
[]\T1/lmr/m/n/10.95 Diskretisierung
 []


Underfull \hbox (badness 10000) in paragraph at lines 127--127
\T1/lmr/m/n/10.95 des Ge-bi-ets in
 []


Underfull \hbox (badness 10000) in paragraph at lines 127--127
[]\T1/lmr/m/n/10.95 Berücksichtigt
 []


Underfull \hbox (badness 10000) in paragraph at lines 127--127
\T1/lmr/m/n/10.95 Er-hal-tungs-ge-
 []


Underfull \hbox (badness 10000) in paragraph at lines 127--127
\T1/lmr/m/n/10.95 setze di-rekt;
 []


Underfull \hbox (badness 10000) in paragraph at lines 127--128
[]\T1/lmr/m/n/10.95 Kann kom-
 []


Underfull \hbox (badness 10000) in paragraph at lines 127--128
\T1/lmr/m/n/10.95 plexer in der
 []


Underfull \hbox (badness 10000) in paragraph at lines 127--128
\T1/lmr/m/n/10.95 Im-ple-men-tierung
 []


Underfull \hbox (badness 10000) in paragraph at lines 127--128
\T1/lmr/m/n/10.95 sein; er-fordert
 []


Underfull \hbox (badness 7740) in paragraph at lines 127--128
\T1/lmr/m/n/10.95 sorgfältige Flus-
 []

[12]) (./FEMI_Skript-elasticity.tex
Underfull \hbox (badness 10000) in paragraph at lines 50--52

 []

[13]
File: files/Massenbilanz-5249ed792f311467066a05421a26a64c.jpg Graphic file (type bmp)
<files/Massenbilanz-5249ed792f311467066a05421a26a64c.jpg>
 [14] [15]
File: files/Impulsbilanz-3c1ed32b03eec7db5f7e582ea9b4a7c5.jpg Graphic file (type bmp)
<files/Impulsbilanz-3c1ed32b03eec7db5f7e582ea9b4a7c5.jpg>
 [16] [17]
Overfull \hbox (23.8179pt too wide) in paragraph at lines 269--269
[]\T1/lmr/m/n/10.95 Bestimmungsgleichung| 
 []


Underfull \hbox (badness 3514) in paragraph at lines 269--269
[]\T1/lmr/m/n/10.95 Anzahl an Gle-
 []


Underfull \hbox (badness 5847) in paragraph at lines 269--269
[]\T1/lmr/m/n/10.95 Anzahl an Un-
 []

File: files/Materialklassen-0654260d23db48934efafd3d240353a4.png Graphic file (type bmp)
<files/Materialklassen-0654260d23db48934efafd3d240353a4.png>
[18] [19]
Underfull \hbox (badness 10000) in paragraph at lines 334--336

 []


Underfull \hbox (badness 1571) in paragraph at lines 368--369
 []\T1/lmr/bx/n/10.95 Lineare Elas-tiz-ität[] \T1/lmr/m/n/10.95 In Fig-ure [][]1.9[][] sind ver-schiedene Klassen von Fes-tkör-per-ma-te-ri-alien
 []

[20]
Overfull \hbox (3.4929pt too wide) in paragraph at lines 494--495
[]$[] \OT1/lmr/m/n/10.95 = [][]$| 
 []

[21]
File: files/EVZ-d6cb9ec161125a880d46ccc9573e94fb.png Graphic file (type bmp)
<files/EVZ-d6cb9ec161125a880d46ccc9573e94fb.png>

Underfull \hbox (badness 10000) in paragraph at lines 529--531

 []

[22]
File: files/CarCrash-dbcc46180747582567a8cdb800f7cc04.jpg Graphic file (type bmp)
<files/CarCrash-dbcc46180747582567a8cdb800f7cc04.jpg>
File: files/Shellformulation-69f62cd7489fe0ebc779931fdd28af92.png Graphic file (type bmp)
<files/Shellformulation-69f62cd7489fe0ebc779931fdd28af92.png>
 [23] [24]
File: files/Rotsym-3fba0d8dbcd585e051159d15272d95e0.png Graphic file (type bmp)
<files/Rotsym-3fba0d8dbcd585e051159d15272d95e0.png>
 [25]
Underfull \hbox (badness 7099) in paragraph at lines 781--782
[]\T1/lmr/m/n/10.95 Ist eine Kraftrandbe-din-gung eine \T1/lmr/m/it/10.95 Neu-mann\T1/lmr/m/n/10.95 -Randbedingung oder eine \T1/lmr/m/it/10.95 Dirich-let\T1/lmr/m/n/10.95 -
 []

[26]) (./FEMI_Skript-strukturgleichungen.tex
File: files/Strukturelemente_Kno-8d4021870da8e52347739e58730bf650.png Graphic file (type bmp)
<files/Strukturelemente_Kno-8d4021870da8e52347739e58730bf650.png>

Underfull \hbox (badness 1286) in paragraph at lines 10--11
\T1/lmr/m/n/10.95 Die im vorheri-gen Ab-schnitt einge-führten Feld-gle-ichun-gen lassen sich für viele in-ge-nieur-wis-
 []

File: files/Stab_TMKompakt-28bf6db8104e11c4fddde1fa0352bfd3.png Graphic file (type bmp)
<files/Stab_TMKompakt-28bf6db8104e11c4fddde1fa0352bfd3.png>
File: files/Balken_TM2-bee88dc67566652ab2198dcf3f86b627.png Graphic file (type bmp)
<files/Balken_TM2-bee88dc67566652ab2198dcf3f86b627.png>
[27] [28]) (./FEMI_Skript-overview.tex) (./FEMI_Skript-fem.tex
File: files/Impulsbilanz-3c1ed32b03eec7db5f7e582ea9b4a7c5.jpg Graphic file (type bmp)
<files/Impulsbilanz-3c1ed32b03eec7db5f7e582ea9b4a7c5.jpg>
 [29] [30]
Underfull \hbox (badness 10000) in paragraph at lines 79--81

 []

) (./FEMI_Skript-dfem.tex
File: files/Stab-8a25db6f500d6b4900b1c83a048e0388.png Graphic file (type bmp)
<files/Stab-8a25db6f500d6b4900b1c83a048e0388.png>
 [31]

LaTeX Warning: Reference `stabdglsimple_weak2' on page 32 undefined on input line 47.

[32]
File: files/Stab_element-be352cad5b74b55eb9e4829b97d1c026.png Graphic file (type bmp)
<files/Stab_element-be352cad5b74b55eb9e4829b97d1c026.png>
 [33]

LaTeX Warning: Reference `LinearDisplacementAnsatz' on page 34 undefined on input line 138.


LaTeX Warning: Reference `stabdglsimple_weak2' on page 34 undefined on input line 156.

[34]

LaTeX Warning: Reference `stabFEM3' on page 35 undefined on input line 184.


Underfull \hbox (badness 2384) in paragraph at lines 183--185
\T1/lmr/m/n/10.95 Dabei ist $[][]$ die \T1/lmr/bx/n/10.95 El-e-mentsteifigkeits-ma-trix\T1/lmr/m/n/10.95 , $[][]$ ist der \T1/lmr/bx/n/10.95 Vek-tor der äquiv-a-len-ten
 []

[35]

./FEMI_Skript-dfem.tex:226: Package amsmath Error: Erroneous nesting of equation structures;
(amsmath)                trying to recover with `aligned'.

See the amsmath package documentation for explanation.
Type  H <return>  for immediate help.
 ...                                              
                                                  
l.226 \end{align}
                  \; .
Try typing  <return>  to proceed.
If that doesn't work, type  X <return>  to quit.


LaTeX Warning: Reference `stabFEM3' on page 36 undefined on input line 229.


./FEMI_Skript-dfem.tex:251: Package amsmath Error: Erroneous nesting of equation structures;
(amsmath)                trying to recover with `aligned'.

See the amsmath package documentation for explanation.
Type  H <return>  for immediate help.
 ...                                              
                                                  
l.251 \end{align}
                  \; .
Try typing  <return>  to proceed.
If that doesn't work, type  X <return>  to quit.


./FEMI_Skript-dfem.tex:276: Package amsmath Error: Erroneous nesting of equation structures;
(amsmath)                trying to recover with `aligned'.

See the amsmath package documentation for explanation.
Type  H <return>  for immediate help.
 ...                                              
                                                  
l.276 \end{align}
                  \; .
Try typing  <return>  to proceed.
If that doesn't work, type  X <return>  to quit.


./FEMI_Skript-dfem.tex:324: Package amsmath Error: Erroneous nesting of equation structures;
(amsmath)                trying to recover with `aligned'.

See the amsmath package documentation for explanation.
Type  H <return>  for immediate help.
 ...                                              
                                                  
l.324 \end{align}
                  \; .
Try typing  <return>  to proceed.
If that doesn't work, type  X <return>  to quit.

[36]

LaTeX Warning: Reference `FE-compare' on page 37 undefined on input line 456.

[37]

LaTeX Warning: Reference `FE-compare' on page 38 undefined on input line 458.

File: files/Stab_Normalkraft_ref-092130b8e6ecfe32c195825bcc7079b4.png Graphic file (type bmp)
<files/Stab_Normalkraft_ref-092130b8e6ecfe32c195825bcc7079b4.png>
[38]
File: files/Stab_error_convergen-416e1c43fb4900af48fee79e64009d70.png Graphic file (type bmp)
<files/Stab_error_convergen-416e1c43fb4900af48fee79e64009d70.png>
File: files/b77199e99a54e59b2e3c037c2cc90f21.pdf Graphic file (type pdf)
<use files/b77199e99a54e59b2e3c037c2cc90f21.pdf>
) (./FEMI_Skript-balkenfem.tex
File: files/Balken_TM2-047a15c5c31955daed71737e695a57f6.png Graphic file (type bmp)
<files/Balken_TM2-047a15c5c31955daed71737e695a57f6.png>
 [39]
File: files/Balkenelement-a8a2414933a947e716e92a521cf26529.png Graphic file (type bmp)
<files/Balkenelement-a8a2414933a947e716e92a521cf26529.png>
 [40]
Underfull \hbox (badness 10000) in paragraph at lines 128--130

 []


LaTeX Warning: Reference `Ansatz_Balken' on page 41 undefined on input line 136.


Overfull \hbox (43.71626pt too wide) detected at line 163
[]
 []

[41]
File: files/Balken_Problem-ac2d1f8be068071b7e73a411e356e68c.png Graphic file (type bmp)
<files/Balken_Problem-ac2d1f8be068071b7e73a411e356e68c.png>
File: files/Flächenträgheitsmome-3de341a2d042404c7134255287b1fae2.png Graphic file (type bmp)
<files/Flächenträgheitsmome-3de341a2d042404c7134255287b1fae2.png>
File: files/Balken_FEM_01-a1f6ce8daf9026ef9f3fc80e01b3abcb.png Graphic file (type bmp)
<files/Balken_FEM_01-a1f6ce8daf9026ef9f3fc80e01b3abcb.png>
 [42] [43]
File: files/Balken_FEM_02-4862ecf143a8bc5453774a7c198d23b3.png Graphic file (type bmp)
<files/Balken_FEM_02-4862ecf143a8bc5453774a7c198d23b3.png>
File: files/Balken_FEM_03-c04f469fedcb8e67d9db06d983fbd4fd.png Graphic file (type bmp)
<files/Balken_FEM_03-c04f469fedcb8e67d9db06d983fbd4fd.png>
File: files/Balken_FEM_04-5989c7a1d613e0755b5bf283d8b43fee.png Graphic file (type bmp)
<files/Balken_FEM_04-5989c7a1d613e0755b5bf283d8b43fee.png>
File: files/Balken_FEM_05-696ae86f3f41368fe7073b08fecfddd0.png Graphic file (type bmp)
<files/Balken_FEM_05-696ae86f3f41368fe7073b08fecfddd0.png>
File: files/b77199e99a54e59b2e3c037c2cc90f21.pdf Graphic file (type pdf)
<use files/b77199e99a54e59b2e3c037c2cc90f21.pdf>
 [44] [45]) (./FEMI_Skript-isoparametrischefem.tex
File: files/Nackenhorst_01-22e296fb8b98cb3e9d386b83d0613561.png Graphic file (type bmp)
<files/Nackenhorst_01-22e296fb8b98cb3e9d386b83d0613561.png>
 [46]
File: files/Taylor_isoQuad-dd0d3f705ca586fcae525e52fc9aa017.png Graphic file (type bmp)
<files/Taylor_isoQuad-dd0d3f705ca586fcae525e52fc9aa017.png>
 [47] [48]
File: files/NonConforming_Mesh_0-a479aa456cf524d92a168b6991747316.png Graphic file (type bmp)
<files/NonConforming_Mesh_0-a479aa456cf524d92a168b6991747316.png>
File: files/NonConforming_Mesh_0-d55b1d7d132d2ca41b6cb0a474d78e2a.png Graphic file (type bmp)
<files/NonConforming_Mesh_0-d55b1d7d132d2ca41b6cb0a474d78e2a.png>
 [49]
File: files/NonConforming_Mesh_0-60bcd99bf5156e972d558f9ec97d5e1f.png Graphic file (type bmp)
<files/NonConforming_Mesh_0-60bcd99bf5156e972d558f9ec97d5e1f.png>
File: files/NonConforming_Mesh_0-3212f5420fe42526cc08f008921dce3a.png Graphic file (type bmp)
<files/NonConforming_Mesh_0-3212f5420fe42526cc08f008921dce3a.png>
 [50]
File: files/Conforming_Mesh_01-ed2fc9715e8d4d760dd08d09cc38aea6.png Graphic file (type bmp)
<files/Conforming_Mesh_01-ed2fc9715e8d4d760dd08d09cc38aea6.png>
File: files/Conforming_Mesh_02-1dadb7235cd7cceba4d6c6f0972ddf3e.png Graphic file (type bmp)
<files/Conforming_Mesh_02-1dadb7235cd7cceba4d6c6f0972ddf3e.png>
 [51]
File: files/Knothe_02-eea4e4a5abfe3ac959c4e32cca1a63d8.png Graphic file (type bmp)
<files/Knothe_02-eea4e4a5abfe3ac959c4e32cca1a63d8.png>
 [52]) (./FEMI_Skript-ansatzfunktionen.tex
File: files/Taylor_PascalTriangl-d58874fb2e0793428871a0933d31951f.png Graphic file (type bmp)
<files/Taylor_PascalTriangl-d58874fb2e0793428871a0933d31951f.png>
File: files/Taylor_PascalQuad-53f0990e72ee0826eb02b4d26ee4606a.png Graphic file (type bmp)
<files/Taylor_PascalQuad-53f0990e72ee0826eb02b4d26ee4606a.png>
 [53]
File: files/Line-Elements-e2d4de7bd279c40b8dc47f1c98a894a5.png Graphic file (type bmp)
<files/Line-Elements-e2d4de7bd279c40b8dc47f1c98a894a5.png>
File: files/QuadElements-3c42e67cc9a797973b3fd3afce627f44.png Graphic file (type bmp)
<files/QuadElements-3c42e67cc9a797973b3fd3afce627f44.png>
 [54]
File: files/shape_functions_Q4-1dbb3a2b8195bdb03c9a69d2f5a12df5.png Graphic file (type bmp)
<files/shape_functions_Q4-1dbb3a2b8195bdb03c9a69d2f5a12df5.png>
File: files/shape_functions_Q9-4b92558abd04628eb843f07d85382fbd.png Graphic file (type bmp)
<files/shape_functions_Q9-4b92558abd04628eb843f07d85382fbd.png>

Missing character: There is no „ ("201E) in font ec-lmr10!
Missing character: There is no „ ("201E) in font ec-lmr10!
[55]
File: files/shape_functions_Q8-48d9fa7e53fa8fe13e232d8a4fc0aa98.png Graphic file (type bmp)
<files/shape_functions_Q8-48d9fa7e53fa8fe13e232d8a4fc0aa98.png>
File: files/TriangleElements-0c3b6af2501f4575008c6e8b2ea02f48.png Graphic file (type bmp)
<files/TriangleElements-0c3b6af2501f4575008c6e8b2ea02f48.png>
 [56]
File: files/shape_T1-594d407f8c44ecc83abb40efc728a385.png Graphic file (type bmp)
<files/shape_T1-594d407f8c44ecc83abb40efc728a385.png>
File: files/HexElements-a4ee848a8b573d56dbd74d399701e925.png Graphic file (type bmp)
<files/HexElements-a4ee848a8b573d56dbd74d399701e925.png>
 [57]
File: files/TetElements-996ee625624fda771512d85c968c03fc.png Graphic file (type bmp)
<files/TetElements-996ee625624fda771512d85c968c03fc.png>
 [58]) (./FEMI_Skript-integration.tex [59]
File: files/Wriggers_GQ_01-1fe6a7f6344b6ab2a225d181d5bca432.png Graphic file (type bmp)
<files/Wriggers_GQ_01-1fe6a7f6344b6ab2a225d181d5bca432.png>
File: files/Wriggers_GQ_02-d7a6daa03fb1eafb11f2f6a808c915f2.png Graphic file (type bmp)
<files/Wriggers_GQ_02-d7a6daa03fb1eafb11f2f6a808c915f2.png>
File: files/Wriggers_GQ_03-44827e8d787266f893a14150a814a302.png Graphic file (type bmp)
<files/Wriggers_GQ_03-44827e8d787266f893a14150a814a302.png>
 [60] [61] [62]) (./FEMI_Skript-postprocessing.tex
File: files/postproc_ansys-7b8042d4d341e019c0ffa102e0eee386.png Graphic file (type bmp)
<files/postproc_ansys-7b8042d4d341e019c0ffa102e0eee386.png>
 [63]
Underfull \hbox (badness 5189) in paragraph at lines 21--21
[]\T1/lmr/m/n/10.95 Primäre Grö$\OML/lmm/m/it/10.95 ^^L$\T1/lmr/m/n/10.95 en (z.B. Ver-
 []


Underfull \hbox (badness 10000) in paragraph at lines 27--27
[]\T1/lmr/m/n/10.95 Direkte Aus-gabe, Vi-su-al-
 []


Underfull \hbox (badness 10000) in paragraph at lines 27--28
[]\T1/lmr/m/n/10.95 Erfordert Glät-tung für
 []

File: files/FEM_Postprocessing-c22cc0dbfe91e308fcde8dfd97d168c0.png Graphic file (type bmp)
<files/FEM_Postprocessing-c22cc0dbfe91e308fcde8dfd97d168c0.png>
[64]
Underfull \hbox (badness 2197) in paragraph at lines 60--60
[]\T1/lmr/m/n/10.95 Anwendungsbereich /
 []


Underfull \hbox (badness 10000) in paragraph at lines 62--62
[]\T1/lmr/m/n/10.95 Durchschnitt aller
 []


Underfull \hbox (badness 5741) in paragraph at lines 62--62
\T1/lmr/m/n/10.95 El-e-ments wird allen
 []


Underfull \hbox (badness 10000) in paragraph at lines 62--62
[]\T1/lmr/m/n/10.95 Einfache, schnelle
 []


Underfull \hbox (badness 2772) in paragraph at lines 62--63
[]\T1/lmr/m/n/10.95 Stark geglät-tet, ver-
 []


Underfull \hbox (badness 10000) in paragraph at lines 63--63
[]\T1/lmr/bx/n/10.95 Nodalwerte, ex-
 []


Underfull \hbox (badness 10000) in paragraph at lines 63--63
\T1/lmr/bx/n/10.95 trapoliert von
 []


Underfull \hbox (badness 10000) in paragraph at lines 63--63
[]\T1/lmr/m/n/10.95 Lineare Form-funk-
 []


Underfull \hbox (badness 10000) in paragraph at lines 63--63
\T1/lmr/m/n/10.95 tio-nen ex-trapolieren
 []


Underfull \hbox (badness 10000) in paragraph at lines 63--63
\T1/lmr/m/n/10.95 Gau$\OML/lmm/m/it/10.95 ^^L$\T1/lmr/m/n/10.95 punktwerte zu
 []


Underfull \hbox (badness 4859) in paragraph at lines 63--64
\T1/lmr/m/n/10.95 Ma-te-ri-alien Ma-te-ri-al-
 []


Underfull \hbox (badness 10000) in paragraph at lines 64--64
[]\T1/lmr/bx/n/10.95 Gau$\OML/lmm/m/it/10.95 ^^L$\T1/lmr/bx/n/10.95 punktwerte
 []


Underfull \hbox (badness 3386) in paragraph at lines 64--64
\T1/lmr/bx/n/10.95 di-rekt an Knoten
 []


Underfull \hbox (badness 10000) in paragraph at lines 64--64
[]\T1/lmr/m/n/10.95 Jedes Gau$\OML/lmm/m/it/10.95 ^^L$\T1/lmr/m/n/10.95 punkt-
 []


Underfull \hbox (badness 2293) in paragraph at lines 64--64
\T1/lmr/m/n/10.95 Ergebnis wird di-rekt
 []


Underfull \hbox (badness 10000) in paragraph at lines 64--64
\T1/lmr/m/n/10.95 dem näch-st-gele-ge-nen
 []


Underfull \hbox (badness 10000) in paragraph at lines 64--64
[]\T1/lmr/m/n/10.95 Am zu-ver-läs-sig-
 []


Underfull \hbox (badness 4505) in paragraph at lines 64--64
\T1/lmr/m/n/10.95 sten für nicht-lin-eare
 []


Underfull \hbox (badness 3460) in paragraph at lines 64--64
\T1/lmr/m/n/10.95 Ma-te-ri-alien, da Ma-
 []


Underfull \hbox (badness 10000) in paragraph at lines 64--64
\T1/lmr/m/n/10.95 te-ri-al-gren-zen nicht
 []

[65]) (./FEMI_Skript-overview-1.tex) (./FEMI_Skript-symmetrie.tex) (./FEMI_Skript-fehlerquellen.tex) (./FEMI_Skript-vernetzung.tex) [66]
Chapter 2.
(./FEMI_Skript-modalanalyse.tex) [67

]
Chapter 3.
(./FEMI_Skript-quellen.tex

Package hyperref Warning: Difference (2) between bookmark levels is greater 
(hyperref)                than one, level fixed on input line 1.

) (./FEMI_Skript.bbl [68

]
./FEMI_Skript.bbl:21: Misplaced alignment tab character &.
l.21 \newblock Springer Science &
                                  Business Media, 2013.
I can't figure out why you would want to use a tab mark
here. If you just want an ampersand, the remedy is
simple: Just type `I\&' now. But if some right brace
up above has ended a previous alignment prematurely,
you're probably due for more error messages, and you
might try typing `S' now just to see what is salvageable.

LaTeX Font Info:    Trying to load font information for T1+lmtt on input line 42.
(/usr/share/texmf/tex/latex/lm/t1lmtt.fd
File: t1lmtt.fd 2015/05/01 v1.6.1 Font defs for Latin Modern
)
./FEMI_Skript.bbl:47: Misplaced alignment tab character &.
l.47 \newblock Springer Science &
                                  Business Media, 2013.
I can't figure out why you would want to use a tab mark
here. If you just want an ampersand, the remedy is
simple: Just type `I\&' now. But if some right brace
up above has ended a previous alignment prematurely,
you're probably due for more error messages, and you
might try typing `S' now just to see what is salvageable.

./FEMI_Skript.bbl:83: Misplaced alignment tab character &.
l.83 \newblock Springer Science &
                                  Business Media, 2008.
I can't figure out why you would want to use a tab mark
here. If you just want an ampersand, the remedy is
simple: Just type `I\&' now. But if some right brace
up above has ended a previous alignment prematurely,
you're probably due for more error messages, and you
might try typing `S' now just to see what is salvageable.

) [69

] (./FEMI_Skript.aux)
 ***********
LaTeX2e <2023-11-01> patch level 1
L3 programming layer <2024-01-22>
 ***********


LaTeX Warning: There were undefined references.

Package rerunfilecheck Info: File `FEMI_Skript.out' has not changed.
(rerunfilecheck)             Checksum: 63ED52451B70E69CF000E0E7EE7C9230;2378.
 ) 
Here is how much of TeX's memory you used:
 13909 strings out of 474878
 242359 string characters out of 5762516
 1954627 words of memory out of 5000000
 35644 multiletter control sequences out of 15000+600000
 635279 words of font info for 86 fonts, out of 8000000 for 9000
 1348 hyphenation exceptions out of 8191
 72i,22n,79p,1998b,560s stack positions out of 10000i,1000n,20000p,200000b,200000s

Output written on FEMI_Skript.xdv (71 pages, 331028 bytes).
