\BOOKMARK [-1][-]{part.1}{\376\377\000I\000\040\000E\000i\000n\000f\000\374\000h\000r\000u\000n\000g}{}% 1
\BOOKMARK [0][-]{chapter.1}{Numerische\040Simulation\040im\040Konstruktionsprozess}{part.1}% 2
\BOOKMARK [1][-]{section.1.1}{Der\040Systembegriff}{chapter.1}% 3
\BOOKMARK [1][-]{section.1.2}{Klassifikation\040von\040Systemen}{chapter.1}% 4
\BOOKMARK [1][-]{section.1.3}{Der\040Modellbegriff}{chapter.1}% 5
\BOOKMARK [1][-]{section.1.4}{Modellbildung}{chapter.1}% 6
\BOOKMARK [1][-]{section.1.5}{\376\377\000A\000n\000s\000\344\000t\000z\000e\000\040\000z\000u\000r\000\040\000A\000b\000s\000t\000r\000a\000k\000t\000i\000o\000n\000\040\000m\000e\000c\000h\000a\000n\000i\000s\000c\000h\000e\000r\000\040\000M\000o\000d\000e\000l\000l\000e}{chapter.1}% 7
\BOOKMARK [1][-]{section.1.6}{Numerische\040Modelle\040in\040der\040Mechanik}{chapter.1}% 8
\BOOKMARK [2][-]{subsection.1.6.1}{Diskrete\040Modelle}{section.1.6}% 9
\BOOKMARK [3][-]{subsubsection*.3}{\376\377\000A\000n\000w\000e\000n\000d\000u\000n\000g\000e\000n\000\040\000f\000\374\000r\000\040\000M\000K\000S}{subsection.1.6.1}% 10
\BOOKMARK [2][-]{subsection.1.6.2}{Kontinuierliche\040Modelle}{section.1.6}% 11
\BOOKMARK [1][-]{section.1.7}{\376\377\000N\000u\000m\000e\000r\000i\000s\000c\000h\000e\000\040\000L\000\366\000s\000u\000n\000g\000s\000v\000e\000r\000f\000a\000h\000r\000e\000n}{chapter.1}% 12
\BOOKMARK [2][-]{subsection.1.7.1}{Finite\040Differenzen\040Methode\040\(FDM\)}{section.1.7}% 13
\BOOKMARK [2][-]{subsection.1.7.2}{Finite\040Volumen\040Methode\040\(FVM\)}{section.1.7}% 14
\BOOKMARK [2][-]{subsection.1.7.3}{Randelemente\040Methode\040\(BEM\)}{section.1.7}% 15
\BOOKMARK [2][-]{subsection.1.7.4}{Finite\040Elemente\040Methode\040\(FEM\)}{section.1.7}% 16
\BOOKMARK [2][-]{subsection.1.7.5}{Zusammenfassung}{section.1.7}% 17
\BOOKMARK [1][-]{section.1.8}{Mathematische\040Modellbildung\040in\040der\040Kontinuumstheorie}{chapter.1}% 18
\BOOKMARK [2][-]{subsection.1.8.1}{Notation}{section.1.8}% 19
\BOOKMARK [2][-]{subsection.1.8.2}{Bilanzgleichungen\040der\040Kontinuumsmechanik}{section.1.8}% 20
